#
# There is insufficient memory for the Java Runtime Environment to continue.
# Native memory allocation (mmap) failed to map 264241152 bytes for G1 virtual space
# Possible reasons:
#   The system is out of physical RAM or swap space
#   The process is running with CompressedOops enabled, and the Java Heap may be blocking the growth of the native heap
# Possible solutions:
#   Reduce memory load on the system
#   Increase physical memory or swap space
#   Check if swap backing store is full
#   Decrease Java heap size (-Xmx/-Xms)
#   Decrease number of Java threads
#   Decrease Java thread stack sizes (-Xss)
#   Set larger code cache with -XX:ReservedCodeCacheSize=
#   JVM is running with Zero Based Compressed Oops mode in which the Java heap is
#     placed in the first 32GB address space. The Java Heap base address is the
#     maximum limit for the native heap growth. Please use -XX:HeapBaseMinAddress
#     to set the Java Heap base and to place the Java Heap above 32GB virtual address.
# This output file may be truncated or incomplete.
#
#  Out of Memory Error (os_windows.cpp:3600), pid=15956, tid=15344
#
# JRE version:  (21.0.1+12) (build )
# Java VM: Java HotSpot(TM) 64-Bit Server VM (21.0.1+12-LTS-29, mixed mode, sharing, tiered, compressed oops, compressed class ptrs, g1 gc, windows-amd64)
# No core dump will be written. Minidumps are not enabled by default on client versions of Windows
#

---------------  S U M M A R Y ------------

Command Line: -Dmaven.multiModuleProjectDirectory=D:\Nico\Escuela de Ingenierìa\AREP\taller5 -Djansi.passthrough=true -Dmaven.home=C:\Users\Casa\.m2\wrapper\dists\apache-maven-3.9.9-bin\4nf9hui3q3djbarqar9g711ggc\apache-maven-3.9.9 -Dclassworlds.conf=C:\Users\Casa\.m2\wrapper\dists\apache-maven-3.9.9-bin\4nf9hui3q3djbarqar9g711ggc\apache-maven-3.9.9\bin\m2.conf -Dmaven.ext.class.path=C:\Program Files\JetBrains\IntelliJ IDEA 2024.3.3\plugins\maven\lib\maven-event-listener.jar -javaagent:C:\Program Files\JetBrains\IntelliJ IDEA 2024.3.3\lib\idea_rt.jar=58756:C:\Program Files\JetBrains\IntelliJ IDEA 2024.3.3\bin -Dfile.encoding=UTF-8 -Dsun.stdout.encoding=UTF-8 -Dsun.stderr.encoding=UTF-8 org.codehaus.classworlds.Launcher -Didea.version=2024.3.3 package

Host: 12th Gen Intel(R) Core(TM) i9-12900K, 24 cores, 15G,  Windows 11 , 64 bit Build 22621 (10.0.22621.4974)
Time: Tue Apr  8 20:59:52 2025 Hora est. Pacífico, Sudamérica elapsed time: 0.006708 seconds (0d 0h 0m 0s)

---------------  T H R E A D  ---------------

Current thread (0x00000000011e2e30):  JavaThread "Unknown thread" [_thread_in_vm, id=15344, stack(0x0000000002f90000,0x0000000003090000) (1024K)]

Stack: [0x0000000002f90000,0x0000000003090000]
Native frames: (J=compiled Java code, j=interpreted, Vv=VM code, C=native code)
V  [jvm.dll+0x6c9029]
V  [jvm.dll+0x854b81]
V  [jvm.dll+0x856e5e]
V  [jvm.dll+0x857543]
V  [jvm.dll+0x280c06]
V  [jvm.dll+0x6c5715]
V  [jvm.dll+0x6ba10a]
V  [jvm.dll+0x3557ea]
V  [jvm.dll+0x35d436]
V  [jvm.dll+0x3ae1be]
V  [jvm.dll+0x3ae468]
V  [jvm.dll+0x3291fc]
V  [jvm.dll+0x329d8b]
V  [jvm.dll+0x81d179]
V  [jvm.dll+0x3bb4f1]
V  [jvm.dll+0x805ae8]
V  [jvm.dll+0x44effe]
V  [jvm.dll+0x450901]
C  [jli.dll+0x52a3]
C  [ucrtbase.dll+0x29333]
C  [KERNEL32.DLL+0x1259d]
C  [ntdll.dll+0x5af38]


---------------  P R O C E S S  ---------------

Threads class SMR info:
_java_thread_list=0x00007ffa6c8c9b88, length=0, elements={
}

Java Threads: ( => current thread )
Total: 0

Other Threads:
  0x0000000003937ee0 WorkerThread "GC Thread#0"                     [id=12624, stack(0x0000000020ab0000,0x0000000020bb0000) (1024K)]
  0x0000000003948d10 ConcurrentGCThread "G1 Main Marker"            [id=15968, stack(0x0000000020bb0000,0x0000000020cb0000) (1024K)]
  0x0000000003949810 WorkerThread "G1 Conc#0"                       [id=7272, stack(0x0000000020cb0000,0x0000000020db0000) (1024K)]

[error occurred during error reporting (printing all threads), id 0xc0000005, EXCEPTION_ACCESS_VIOLATION (0xc0000005) at pc=0x00007ffa6c03c2c7]
VM state: not at safepoint (not fully initialized)

VM Mutex/Monitor currently owned by a thread:  ([mutex/lock_event])
[0x00007ffa6c93a6f8] Heap_lock - owner thread: 0x00000000011e2e30

Heap address: 0x0000000704000000, size: 4032 MB, Compressed Oops mode: Zero based, Oop shift amount: 3

CDS archive(s) mapped at: [0x0000000000000000-0x0000000000000000-0x0000000000000000), size 0, SharedBaseAddress: 0x0000000800000000, ArchiveRelocationMode: 1.
Narrow klass base: 0x0000000000000000, Narrow klass shift: 0, Narrow klass range: 0x0

GC Precious Log:
 CardTable entry size: 512
 Card Set container configuration: InlinePtr #cards 4 size 8 Array Of Cards #cards 16 size 48 Howl #buckets 8 coarsen threshold 3686 Howl Bitmap #cards 512 size 80 coarsen threshold 460 Card regions per heap region 1 cards per card region 4096

Heap:
 garbage-first heap   total 0K, used 0K [0x0000000704000000, 0x0000000800000000)
  region size 2048K, 0 young (0K), 0 survivors (0K)

[error occurred during error reporting (printing heap information), id 0xc0000005, EXCEPTION_ACCESS_VIOLATION (0xc0000005) at pc=0x00007ffa6c421be9]
GC Heap History (0 events):
No events

Dll operation events (1 events):
Event: 0.004 Loaded shared library C:\Program Files\Java\jdk-21\bin\java.dll

Deoptimization events (0 events):
No events

Classes loaded (0 events):
No events

Classes unloaded (0 events):
No events

Classes redefined (0 events):
No events

Internal exceptions (0 events):
No events

ZGC Phase Switch (0 events):
No events

VM Operations (0 events):
No events

Events (0 events):
No events


Dynamic libraries:
0x00007ff6a3bc0000 - 0x00007ff6a3bd0000 	C:\Program Files\Java\jdk-21\bin\java.exe
0x00007ffb18d50000 - 0x00007ffb18f67000 	C:\WINDOWS\SYSTEM32\ntdll.dll
0x00007ffb17590000 - 0x00007ffb17654000 	C:\WINDOWS\System32\KERNEL32.DLL
0x00007ffb16000000 - 0x00007ffb163d1000 	C:\WINDOWS\System32\KERNELBASE.dll
0x00007ffb15e60000 - 0x00007ffb15f71000 	C:\WINDOWS\System32\ucrtbase.dll
0x00007ffafe720000 - 0x00007ffafe739000 	C:\Program Files\Java\jdk-21\bin\jli.dll
0x00007ffae7df0000 - 0x00007ffae7e0b000 	C:\Program Files\Java\jdk-21\bin\VCRUNTIME140.dll
0x00007ffb18a40000 - 0x00007ffb18af1000 	C:\WINDOWS\System32\ADVAPI32.dll
0x00007ffb18200000 - 0x00007ffb182a7000 	C:\WINDOWS\System32\msvcrt.dll
0x00007ffb17010000 - 0x00007ffb170b7000 	C:\WINDOWS\System32\sechost.dll
0x00007ffb16790000 - 0x00007ffb167b8000 	C:\WINDOWS\System32\bcrypt.dll
0x00007ffb17660000 - 0x00007ffb17774000 	C:\WINDOWS\System32\RPCRT4.dll
0x00007ffb18b00000 - 0x00007ffb18cb1000 	C:\WINDOWS\System32\USER32.dll
0x00007ffb163e0000 - 0x00007ffb16406000 	C:\WINDOWS\System32\win32u.dll
0x00007ffaff9f0000 - 0x00007ffaffc82000 	C:\WINDOWS\WinSxS\amd64_microsoft.windows.common-controls_6595b64144ccf1df_6.0.22621.4830_none_270fe7d773858e80\COMCTL32.dll
0x00007ffb182b0000 - 0x00007ffb182d9000 	C:\WINDOWS\System32\GDI32.dll
0x00007ffb165d0000 - 0x00007ffb166eb000 	C:\WINDOWS\System32\gdi32full.dll
0x00007ffb166f0000 - 0x00007ffb1678a000 	C:\WINDOWS\System32\msvcp_win.dll
0x00007ffb0bb10000 - 0x00007ffb0bb1a000 	C:\WINDOWS\SYSTEM32\VERSION.dll
0x00007ffb17550000 - 0x00007ffb17581000 	C:\WINDOWS\System32\IMM32.DLL
0x00007ffafe830000 - 0x00007ffafe83c000 	C:\Program Files\Java\jdk-21\bin\vcruntime140_1.dll
0x00007ffac6680000 - 0x00007ffac670e000 	C:\Program Files\Java\jdk-21\bin\msvcp140.dll
0x00007ffa6bd00000 - 0x00007ffa6ca15000 	C:\Program Files\Java\jdk-21\bin\server\jvm.dll
0x00007ffb18840000 - 0x00007ffb188b1000 	C:\WINDOWS\System32\WS2_32.dll
0x00007ffb155f0000 - 0x00007ffb1563d000 	C:\WINDOWS\SYSTEM32\POWRPROF.dll
0x00007ffb090d0000 - 0x00007ffb09104000 	C:\WINDOWS\SYSTEM32\WINMM.dll
0x00007ffb155d0000 - 0x00007ffb155e3000 	C:\WINDOWS\SYSTEM32\UMPDC.dll
0x00007ffb14e70000 - 0x00007ffb14e88000 	C:\WINDOWS\SYSTEM32\kernel.appcore.dll
0x00007ffafe710000 - 0x00007ffafe71a000 	C:\Program Files\Java\jdk-21\bin\jimage.dll
0x00007ffb00090000 - 0x00007ffb002c2000 	C:\WINDOWS\SYSTEM32\DBGHELP.DLL
0x00007ffb182e0000 - 0x00007ffb18670000 	C:\WINDOWS\System32\combase.dll
0x00007ffb17840000 - 0x00007ffb17917000 	C:\WINDOWS\System32\OLEAUT32.dll
0x00007ffb0b4b0000 - 0x00007ffb0b4e2000 	C:\WINDOWS\SYSTEM32\dbgcore.DLL
0x00007ffb16550000 - 0x00007ffb165cb000 	C:\WINDOWS\System32\bcryptPrimitives.dll
0x00007ffafd900000 - 0x00007ffafd90f000 	C:\Program Files\Java\jdk-21\bin\instrument.dll
0x00007ffae7dd0000 - 0x00007ffae7def000 	C:\Program Files\Java\jdk-21\bin\java.dll

dbghelp: loaded successfully - version: 4.0.5 - missing functions: none
symbol engine: initialized successfully - sym options: 0x614 - pdb path: .;C:\Program Files\Java\jdk-21\bin;C:\WINDOWS\SYSTEM32;C:\WINDOWS\WinSxS\amd64_microsoft.windows.common-controls_6595b64144ccf1df_6.0.22621.4830_none_270fe7d773858e80;C:\Program Files\Java\jdk-21\bin\server

VM Arguments:
jvm_args: -Dmaven.multiModuleProjectDirectory=D:\Nico\Escuela de Ingenierìa\AREP\taller5 -Djansi.passthrough=true -Dmaven.home=C:\Users\Casa\.m2\wrapper\dists\apache-maven-3.9.9-bin\4nf9hui3q3djbarqar9g711ggc\apache-maven-3.9.9 -Dclassworlds.conf=C:\Users\Casa\.m2\wrapper\dists\apache-maven-3.9.9-bin\4nf9hui3q3djbarqar9g711ggc\apache-maven-3.9.9\bin\m2.conf -Dmaven.ext.class.path=C:\Program Files\JetBrains\IntelliJ IDEA 2024.3.3\plugins\maven\lib\maven-event-listener.jar -javaagent:C:\Program Files\JetBrains\IntelliJ IDEA 2024.3.3\lib\idea_rt.jar=58756:C:\Program Files\JetBrains\IntelliJ IDEA 2024.3.3\bin -Dfile.encoding=UTF-8 -Dsun.stdout.encoding=UTF-8 -Dsun.stderr.encoding=UTF-8 
java_command: org.codehaus.classworlds.Launcher -Didea.version=2024.3.3 package
java_class_path (initial): C:\Users\Casa\.m2\wrapper\dists\apache-maven-3.9.9-bin\4nf9hui3q3djbarqar9g711ggc\apache-maven-3.9.9\boot\plexus-classworlds-2.8.0.jar;C:\Users\Casa\.m2\wrapper\dists\apache-maven-3.9.9-bin\4nf9hui3q3djbarqar9g711ggc\apache-maven-3.9.9\boot\plexus-classworlds.license
Launcher Type: SUN_STANDARD

[Global flags]
     intx CICompilerCount                          = 12                                        {product} {ergonomic}
     uint ConcGCThreads                            = 5                                         {product} {ergonomic}
     uint G1ConcRefinementThreads                  = 18                                        {product} {ergonomic}
   size_t G1HeapRegionSize                         = 2097152                                   {product} {ergonomic}
    uintx GCDrainStackTargetSize                   = 64                                        {product} {ergonomic}
   size_t InitialHeapSize                          = 264241152                                 {product} {ergonomic}
   size_t MarkStackSize                            = 4194304                                   {product} {ergonomic}
   size_t MaxHeapSize                              = 4227858432                                {product} {ergonomic}
   size_t MinHeapDeltaBytes                        = 2097152                                   {product} {ergonomic}
   size_t MinHeapSize                              = 8388608                                   {product} {ergonomic}
    uintx NonNMethodCodeHeapSize                   = 7602480                                {pd product} {ergonomic}
    uintx NonProfiledCodeHeapSize                  = 122027880                              {pd product} {ergonomic}
    uintx ProfiledCodeHeapSize                     = 122027880                              {pd product} {ergonomic}
    uintx ReservedCodeCacheSize                    = 251658240                              {pd product} {ergonomic}
     bool SegmentedCodeCache                       = true                                      {product} {ergonomic}
   size_t SoftMaxHeapSize                          = 4227858432                             {manageable} {ergonomic}
     bool UseCompressedOops                        = true                           {product lp64_product} {ergonomic}
     bool UseG1GC                                  = true                                      {product} {ergonomic}
     bool UseLargePagesIndividualAllocation        = false                                  {pd product} {ergonomic}

Logging:
Log output configuration:
 #0: stdout all=warning uptime,level,tags foldmultilines=false
 #1: stderr all=off uptime,level,tags foldmultilines=false

Environment Variables:
PATH=C:\Program Files\Common Files\Oracle\Java\javapath;C:\Program Files (x86)\Common Files\Oracle\Java\java8path;C:\Program Files (x86)\Common Files\Oracle\Java\javapath;C:\Program Files\Java\jdk 21\bin;C:\app\Casa\product\21c\dbhomeXE\bin;C:\Program Files (x86)\Common Files\Intel\Shared Files\cpp\bin\Intel64;C:\WINDOWS\system32;C:\WINDOWS;C:\WINDOWS\System32\Wbem;C:\WINDOWS\System32\WindowsPowerShell\v1.0\;C:\WINDOWS\System32\OpenSSH\;C:\Program Files (x86)\dotnet\;C:\Program Files\Wolfram Research\WolframScript\;C:\Program Files (x86)\Microsoft SQL Server\Client SDK\ODBC\110\Tools\Binn\;C:\Program Files (x86)\Microsoft SQL Server\120\Tools\Binn\;C:\Program Files (x86)\Microsoft SQL Server\120\DTS\Binn\;C:\Program Files\dotnet\;C:\Program Files\Java\apache-maven-3.9.6\bin;C:\Program Files\Microsoft SQL Server\Client SDK\ODBC\130\Tools\Binn\;C:\Program Files (x86)\Microsoft SQL Server\140\Tools\Binn\;C:\Program Files\Microsoft SQL Server\140\Tools\Binn\;C:\Program Files\Microsoft SQL Server\140\DTS\Binn\;C:\Program Files\Docker\Docker\resources\bin;C:\Program Files\Microsoft SQL Server\150\Tools\Binn\;C:\Program Files\Microsoft SQL Server\Client SDK\ODBC\170\Tools\Binn\;C:\Program Files\PuTTY\;C:\Program Files\Git\cmd;C:\Program Files\nodejs\;C:\Program Files\MySQL\MySQL Shell 8.0\bin\;C:\Users\Casa\AppData\Local\Programs\Python\Python312\Scripts\;C:\Users\Casa\AppData\Local\Programs\Python\Python312\;C:\Users\Casa\AppData\Local\Microsoft\WindowsApps;C:\Users\Casa\AppData\Local\Programs\Microsoft VS Code\bin;C:\Users\Casa\.dotnet\tools;C:\Program Files\Java\jdk-21\bin;C:\steghide;C:\Users\Casa\AppData\Roaming\npm
USERNAME=Casa
OS=Windows_NT
PROCESSOR_IDENTIFIER=Intel64 Family 6 Model 151 Stepping 2, GenuineIntel
TMP=C:\Users\Casa\AppData\Local\Temp
TEMP=C:\Users\Casa\AppData\Local\Temp




Periodic native trim disabled

---------------  S Y S T E M  ---------------

OS:
 Windows 11 , 64 bit Build 22621 (10.0.22621.4974)
OS uptime: 0 days 16:11 hours
Hyper-V role detected

CPU: total 24 (initial active 24) (12 cores per cpu, 2 threads per core) family 6 model 151 stepping 2 microcode 0xf, cx8, cmov, fxsr, ht, mmx, 3dnowpref, sse, sse2, sse3, ssse3, sse4.1, sse4.2, popcnt, lzcnt, tsc, tscinvbit, avx, avx2, aes, erms, clmul, bmi1, bmi2, adx, sha, fma, vzeroupper, clflush, clflushopt, clwb, hv, serialize, rdtscp, rdpid, fsrm, f16c, cet_ibt, cet_ss
Processor Information for processor 0
  Max Mhz: 3187, Current Mhz: 3187, Mhz Limit: 3187
Processor Information for processor 1
  Max Mhz: 3187, Current Mhz: 3187, Mhz Limit: 3187
Processor Information for processor 2
  Max Mhz: 3187, Current Mhz: 3187, Mhz Limit: 3187
Processor Information for processor 3
  Max Mhz: 3187, Current Mhz: 3187, Mhz Limit: 3187
Processor Information for processor 4
  Max Mhz: 3187, Current Mhz: 3187, Mhz Limit: 3187
Processor Information for processor 5
  Max Mhz: 3187, Current Mhz: 3187, Mhz Limit: 3187
Processor Information for processor 6
  Max Mhz: 3187, Current Mhz: 3187, Mhz Limit: 3187
Processor Information for processor 7
  Max Mhz: 3187, Current Mhz: 3187, Mhz Limit: 3187
Processor Information for processor 8
  Max Mhz: 3187, Current Mhz: 3187, Mhz Limit: 3187
Processor Information for processor 9
  Max Mhz: 3187, Current Mhz: 3187, Mhz Limit: 3187
Processor Information for processor 10
  Max Mhz: 3187, Current Mhz: 3187, Mhz Limit: 3187
Processor Information for processor 11
  Max Mhz: 3187, Current Mhz: 3187, Mhz Limit: 3187
Processor Information for processor 12
  Max Mhz: 3187, Current Mhz: 3187, Mhz Limit: 3187
Processor Information for processor 13
  Max Mhz: 3187, Current Mhz: 3187, Mhz Limit: 3187
Processor Information for processor 14
  Max Mhz: 3187, Current Mhz: 3187, Mhz Limit: 3187
Processor Information for processor 15
  Max Mhz: 3187, Current Mhz: 3187, Mhz Limit: 3187
Processor Information for processor 16
  Max Mhz: 3187, Current Mhz: 2390, Mhz Limit: 2390
Processor Information for processor 17
  Max Mhz: 3187, Current Mhz: 2390, Mhz Limit: 2390
Processor Information for processor 18
  Max Mhz: 3187, Current Mhz: 2390, Mhz Limit: 2390
Processor Information for processor 19
  Max Mhz: 3187, Current Mhz: 2390, Mhz Limit: 2390
Processor Information for processor 20
  Max Mhz: 3187, Current Mhz: 2390, Mhz Limit: 2390
Processor Information for processor 21
  Max Mhz: 3187, Current Mhz: 2390, Mhz Limit: 2390
Processor Information for processor 22
  Max Mhz: 3187, Current Mhz: 2390, Mhz Limit: 2390
Processor Information for processor 23
  Max Mhz: 3187, Current Mhz: 2390, Mhz Limit: 2390

Memory: 4k page, system-wide physical 16125M (1200M free)
TotalPageFile size 21124M (AvailPageFile size 250M)
current process WorkingSet (physical memory assigned to process): 12M, peak: 12M
current process commit charge ("private bytes"): 81M, peak: 333M

vm_info: Java HotSpot(TM) 64-Bit Server VM (21.0.1+12-LTS-29) for windows-amd64 JRE (21.0.1+12-LTS-29), built on 2023-10-05T13:27:09Z by "mach5one" with MS VC++ 17.1 (VS2022)

END.
